Python file I/O works.